usbd_conf.c:73:6:HAL_PCD_MspInit	16	static
usbd_conf.c:96:6:HAL_PCD_MspDeInit	0	static
usbd_conf.c:124:6:HAL_PCD_SetupStageCallback	0	static
usbd_conf.c:145:6:HAL_PCD_DataOutStageCallback	0	static
usbd_conf.c:166:6:HAL_PCD_DataInStageCallback	0	static
usbd_conf.c:186:6:HAL_PCD_SOFCallback	0	static
usbd_conf.c:206:6:HAL_PCD_ResetCallback	8	static
usbd_conf.c:237:6:HAL_PCD_SuspendCallback	8	static
usbd_conf.c:267:6:HAL_PCD_ResumeCallback	8	static
usbd_conf.c:298:6:HAL_PCD_ISOOUTIncompleteCallback	0	static
usbd_conf.c:319:6:HAL_PCD_ISOINIncompleteCallback	0	static
usbd_conf.c:339:6:HAL_PCD_ConnectCallback	0	static
usbd_conf.c:359:6:HAL_PCD_DisconnectCallback	0	static
usbd_conf.c:384:20:USBD_LL_Init	16	static
usbd_conf.c:448:20:USBD_LL_DeInit	8	static
usbd_conf.c:465:20:USBD_LL_Start	8	static
usbd_conf.c:482:20:USBD_LL_Stop	8	static
usbd_conf.c:502:20:USBD_LL_OpenEP	8	static
usbd_conf.c:520:20:USBD_LL_CloseEP	8	static
usbd_conf.c:538:20:USBD_LL_FlushEP	8	static
usbd_conf.c:556:20:USBD_LL_StallEP	8	static
usbd_conf.c:574:20:USBD_LL_ClearStallEP	8	static
usbd_conf.c:592:9:USBD_LL_IsStallEP	0	static
usbd_conf.c:612:20:USBD_LL_SetUSBAddress	8	static
usbd_conf.c:632:20:USBD_LL_Transmit	8	static
usbd_conf.c:652:20:USBD_LL_PrepareReceive	8	static
usbd_conf.c:670:10:USBD_LL_GetRxDataSize	0	static
usbd_conf.c:680:6:USBD_LL_Delay	0	static
usbd_conf.c:690:7:USBD_static_malloc	0	static
usbd_conf.c:701:6:USBD_static_free	0	static
