stm32g4xx_hal_pcd.c:257:13:HAL_PCD_MspInit	0	static
stm32g4xx_hal_pcd.c:122:19:HAL_PCD_Init	48	static
stm32g4xx_hal_pcd.c:272:13:HAL_PCD_MspDeInit	0	static
stm32g4xx_hal_pcd.c:218:19:HAL_PCD_DeInit	16	static
stm32g4xx_hal_pcd.c:973:19:HAL_PCD_Start	8	static
stm32g4xx_hal_pcd.c:988:19:HAL_PCD_Stop	8	static
stm32g4xx_hal_pcd.c:1130:13:HAL_PCD_DataOutStageCallback	0	static
stm32g4xx_hal_pcd.c:1147:13:HAL_PCD_DataInStageCallback	0	static
stm32g4xx_hal_pcd.c:1162:13:HAL_PCD_SetupStageCallback	0	static
stm32g4xx_hal_pcd.c:1177:13:HAL_PCD_SOFCallback	0	static
stm32g4xx_hal_pcd.c:1192:13:HAL_PCD_ResetCallback	0	static
stm32g4xx_hal_pcd.c:1207:13:HAL_PCD_SuspendCallback	0	static
stm32g4xx_hal_pcd.c:1222:13:HAL_PCD_ResumeCallback	0	static
stm32g4xx_hal_pcd.c:1004:6:HAL_PCD_IRQHandler	48	static
stm32g4xx_hal_pcd.c:1238:13:HAL_PCD_ISOOUTIncompleteCallback	0	static
stm32g4xx_hal_pcd.c:1255:13:HAL_PCD_ISOINIncompleteCallback	0	static
stm32g4xx_hal_pcd.c:1271:13:HAL_PCD_ConnectCallback	0	static
stm32g4xx_hal_pcd.c:1286:13:HAL_PCD_DisconnectCallback	0	static
stm32g4xx_hal_pcd.c:1320:19:HAL_PCD_DevConnect	8	static
stm32g4xx_hal_pcd.c:1334:19:HAL_PCD_DevDisconnect	8	static
stm32g4xx_hal_pcd.c:1349:19:HAL_PCD_SetAddress	8	static
stm32g4xx_hal_pcd.c:1366:19:HAL_PCD_EP_Open	16	static
stm32g4xx_hal_pcd.c:1411:19:HAL_PCD_EP_Close	8	static
stm32g4xx_hal_pcd.c:1442:19:HAL_PCD_EP_Receive	16	static
stm32g4xx_hal_pcd.c:1473:10:HAL_PCD_EP_GetRxCount	0	static
stm32g4xx_hal_pcd.c:1485:19:HAL_PCD_EP_Transmit	24	static
stm32g4xx_hal_pcd.c:1518:19:HAL_PCD_EP_SetStall	16	static
stm32g4xx_hal_pcd.c:1556:19:HAL_PCD_EP_ClrStall	16	static
stm32g4xx_hal_pcd.c:1592:19:HAL_PCD_EP_Flush	0	static
stm32g4xx_hal_pcd.c:1606:19:HAL_PCD_ActivateRemoteWakeup	0	static
stm32g4xx_hal_pcd.c:1616:19:HAL_PCD_DeActivateRemoteWakeup	0	static
stm32g4xx_hal_pcd.c:1645:18:HAL_PCD_GetState	0	static
