TMC4671.c:19:9:tmc4671_readInt	16	static
TMC4671.c:39:6:tmc4671_writeInt	16	static
TMC4671.c:51:10:tmc4671_readRegister16BitValue	16	static
TMC4671.c:68:6:tmc4671_writeRegister16BitValue	24	static
TMC4671.c:89:6:tmc4671_switchToMotionMode	16	static
TMC4671.c:98:6:tmc4671_setTargetTorque_raw	16	static
TMC4671.c:104:9:tmc4671_getTargetTorque_raw	16	static
TMC4671.c:118:9:tmc4671_getActualTorque_raw	16	static
TMC4671.c:123:9:tmc4671_getActualRampTorque_raw	0	static
TMC4671.c:130:6:tmc4671_setTargetTorque_mA	24	static
TMC4671.c:136:9:tmc4671_getTargetTorque_mA	24	static
TMC4671.c:141:9:tmc4671_getActualTorque_mA	16	static
TMC4671.c:146:9:tmc4671_getTargetTorqueFluxSum_mA	32	static
TMC4671.c:165:9:tmc4671_getActualTorqueFluxSum_mA	16	static
TMC4671.c:173:9:tmc4671_getActualRampTorque_mA	0	static
TMC4671.c:181:6:tmc4671_setTargetFlux_raw	16	static
TMC4671.c:187:9:tmc4671_getTargetFlux_raw	16	static
TMC4671.c:201:9:tmc4671_getActualFlux_raw	16	static
TMC4671.c:206:6:tmc4671_setTargetFlux_mA	16	static
TMC4671.c:212:9:tmc4671_getTargetFlux_mA	24	static
TMC4671.c:217:9:tmc4671_getActualFlux_mA	16	static
TMC4671.c:222:6:tmc4671_setTorqueFluxLimit_mA	16	static
TMC4671.c:227:9:tmc4671_getTorqueFluxLimit_mA	16	static
TMC4671.c:232:6:tmc4671_setTargetVelocity	16	static
TMC4671.c:238:9:tmc4671_getTargetVelocity	16	static
TMC4671.c:243:9:tmc4671_getActualVelocity	16	static
TMC4671.c:248:9:tmc4671_getActualRampVelocity	0	static
TMC4671.c:255:6:tmc4671_setAbsolutTargetPosition	16	static
TMC4671.c:261:6:tmc4671_setRelativeTargetPosition	24	static
TMC4671.c:268:9:tmc4671_getTargetPosition	16	static
TMC4671.c:273:6:tmc4671_setActualPosition	16	static
TMC4671.c:278:9:tmc4671_getActualPosition	16	static
TMC4671.c:283:9:tmc4671_getActualRampPosition	0	static
TMC4671.c:291:6:tmc4671_doEncoderInitializationMode0	32	static
TMC4671.c:357:9:tmc4671_getS16CircleDifference	0	static
TMC4671.c:362:6:tmc4671_doEncoderInitializationMode2	32	static
TMC4671.c:417:6:tmc4671_checkEncderInitialization	40	static
TMC4671.c:438:6:tmc4671_periodicJob	40	static
TMC4671.c:443:6:tmc4671_startEncoderInitialization	0	static
TMC4671.c:467:6:tmc4671_updatePhiSelectionAndInitialize	16	static
TMC4671.c:484:6:tmc4671_disablePWM	8	static
TMC4671.c:489:9:tmc4671_getMotorType	16	static
TMC4671.c:494:6:tmc4671_setMotorType	16	static
TMC4671.c:499:9:tmc4671_getPolePairs	8	static
TMC4671.c:504:6:tmc4671_setPolePairs	16	static
TMC4671.c:509:10:tmc4671_getAdcI0Offset	16	static
TMC4671.c:514:6:tmc4671_setAdcI0Offset	16	static
TMC4671.c:519:10:tmc4671_getAdcI1Offset	16	static
TMC4671.c:524:6:tmc4671_setAdcI1Offset	16	static
TMC4671.c:529:6:tmc4671_setTorqueFluxPI	24	static
TMC4671.c:535:6:tmc4671_setVelocityPI	16	static
TMC4671.c:540:6:tmc4671_setPositionPI	16	static
TMC4671.c:545:9:tmc4671_readFieldWithDependency	40	static
