stm32g4xx_hal_flash.c:173:19:HAL_FLASH_Program	40	static,ignoring_inline_asm
stm32g4xx_hal_flash.c:241:19:HAL_FLASH_Program_IT	40	static,ignoring_inline_asm
stm32g4xx_hal_flash.c:441:13:HAL_FLASH_EndOfOperationCallback	0	static
stm32g4xx_hal_flash.c:459:13:HAL_FLASH_OperationErrorCallback	0	static
stm32g4xx_hal_flash.c:301:6:HAL_FLASH_IRQHandler	8	static
stm32g4xx_hal_flash.c:492:19:HAL_FLASH_Unlock	0	static
stm32g4xx_hal_flash.c:516:19:HAL_FLASH_Lock	0	static
stm32g4xx_hal_flash.c:536:19:HAL_FLASH_OB_Unlock	0	static
stm32g4xx_hal_flash.c:560:19:HAL_FLASH_OB_Lock	0	static
stm32g4xx_hal_flash.c:580:19:HAL_FLASH_OB_Launch	16	static
stm32g4xx_hal_flash.c:628:10:HAL_FLASH_GetError	0	static
stm32g4xx_hal_flash.c:652:19:FLASH_WaitForLastOperation	16	static
