stm32g4xx_hal_pcd.c:259:13:HAL_PCD_MspInit	0	static
stm32g4xx_hal_pcd.c:124:19:HAL_PCD_Init	48	static
stm32g4xx_hal_pcd.c:274:13:HAL_PCD_MspDeInit	0	static
stm32g4xx_hal_pcd.c:220:19:HAL_PCD_DeInit	16	static
stm32g4xx_hal_pcd.c:977:19:HAL_PCD_Start	8	static
stm32g4xx_hal_pcd.c:992:19:HAL_PCD_Stop	8	static
stm32g4xx_hal_pcd.c:1154:13:HAL_PCD_DataOutStageCallback	0	static
stm32g4xx_hal_pcd.c:1171:13:HAL_PCD_DataInStageCallback	0	static
stm32g4xx_hal_pcd.c:1186:13:HAL_PCD_SetupStageCallback	0	static
stm32g4xx_hal_pcd.c:1201:13:HAL_PCD_SOFCallback	0	static
stm32g4xx_hal_pcd.c:1216:13:HAL_PCD_ResetCallback	0	static
stm32g4xx_hal_pcd.c:1231:13:HAL_PCD_SuspendCallback	0	static
stm32g4xx_hal_pcd.c:1246:13:HAL_PCD_ResumeCallback	0	static
stm32g4xx_hal_pcd.c:1008:6:HAL_PCD_IRQHandler	48	static
stm32g4xx_hal_pcd.c:1262:13:HAL_PCD_ISOOUTIncompleteCallback	0	static
stm32g4xx_hal_pcd.c:1279:13:HAL_PCD_ISOINIncompleteCallback	0	static
stm32g4xx_hal_pcd.c:1295:13:HAL_PCD_ConnectCallback	0	static
stm32g4xx_hal_pcd.c:1310:13:HAL_PCD_DisconnectCallback	0	static
stm32g4xx_hal_pcd.c:1344:19:HAL_PCD_DevConnect	8	static
stm32g4xx_hal_pcd.c:1358:19:HAL_PCD_DevDisconnect	8	static
stm32g4xx_hal_pcd.c:1373:19:HAL_PCD_SetAddress	8	static
stm32g4xx_hal_pcd.c:1390:19:HAL_PCD_EP_Open	16	static
stm32g4xx_hal_pcd.c:1435:19:HAL_PCD_EP_Close	8	static
stm32g4xx_hal_pcd.c:1466:19:HAL_PCD_EP_Receive	16	static
stm32g4xx_hal_pcd.c:1497:10:HAL_PCD_EP_GetRxCount	0	static
stm32g4xx_hal_pcd.c:1509:19:HAL_PCD_EP_Transmit	24	static
stm32g4xx_hal_pcd.c:1542:19:HAL_PCD_EP_SetStall	16	static
stm32g4xx_hal_pcd.c:1580:19:HAL_PCD_EP_ClrStall	16	static
stm32g4xx_hal_pcd.c:1616:19:HAL_PCD_EP_Flush	0	static
stm32g4xx_hal_pcd.c:1630:19:HAL_PCD_ActivateRemoteWakeup	0	static
stm32g4xx_hal_pcd.c:1640:19:HAL_PCD_DeActivateRemoteWakeup	0	static
stm32g4xx_hal_pcd.c:1669:18:HAL_PCD_GetState	0	static
