LinearRamp1.c:10:6:tmc_ramp_linear_init	16	static
LinearRamp1.c:28:6:tmc_ramp_linear_set_enabled	16	static
LinearRamp1.c:33:6:tmc_ramp_linear_set_maxVelocity	16	static
LinearRamp1.c:38:6:tmc_ramp_linear_set_targetPosition	16	static
LinearRamp1.c:43:6:tmc_ramp_linear_set_rampPosition	16	static
LinearRamp1.c:48:6:tmc_ramp_linear_set_targetVelocity	16	static
LinearRamp1.c:53:6:tmc_ramp_linear_set_rampVelocity	16	static
LinearRamp1.c:58:6:tmc_ramp_linear_set_acceleration	16	static
LinearRamp1.c:63:6:tmc_ramp_linear_set_mode	16	static
LinearRamp1.c:68:6:tmc_ramp_linear_set_precision	16	static
LinearRamp1.c:73:6:tmc_ramp_linear_set_homingDistance	16	static
LinearRamp1.c:78:6:tmc_ramp_linear_set_stopVelocity	16	static
LinearRamp1.c:83:6:tmc_ramp_linear_get_enabled	16	static
LinearRamp1.c:88:10:tmc_ramp_linear_get_maxVelocity	16	static
LinearRamp1.c:93:9:tmc_ramp_linear_get_targetPosition	16	static
LinearRamp1.c:98:9:tmc_ramp_linear_get_rampPosition	16	static
LinearRamp1.c:103:9:tmc_ramp_linear_get_targetVelocity	16	static
LinearRamp1.c:108:9:tmc_ramp_linear_get_rampVelocity	16	static
LinearRamp1.c:113:9:tmc_ramp_linear_get_acceleration	16	static
LinearRamp1.c:118:22:tmc_ramp_linear_get_state	16	static
LinearRamp1.c:123:21:tmc_ramp_linear_get_mode	16	static
LinearRamp1.c:128:10:tmc_ramp_linear_get_precision	16	static
LinearRamp1.c:134:10:tmc_ramp_linear_get_acceleration_limit	16	static
LinearRamp1.c:139:10:tmc_ramp_linear_get_velocity_limit	16	static
LinearRamp1.c:144:10:tmc_ramp_linear_get_homingDistance	16	static
LinearRamp1.c:149:10:tmc_ramp_linear_get_stopVelocity	16	static
LinearRamp1.c:154:9:tmc_ramp_linear_compute	16	static
LinearRamp1.c:160:9:tmc_ramp_linear_compute_velocity	32	static
LinearRamp1.c:206:6:tmc_ramp_linear_compute_position	24	static
