---
PARTS LIST
TMC4671+TMC6100-BOB_V10
Thursday, September 26, 2019
---
#   QTY  REFDES                                                                                               VALUE                PACKAGE              H     ASSY  PN         MANUFACTURER                   MANUFACTURER_PN                SUPPLIER                       SUPPLIER_PN                   
----------------------------------------------------------------------------------------------------------------------------------------------------------------------------------------------------------------------------------------------------------------------------------------------------------
 1     2 R403, R408                                                                                           0R003/1%/3W          2512                 0.9   SMD   RE4CFDED   Bourns                         CRE2512-FZ-R003E-3             DigiKey                        CRE2512-FZ-R003E-3CT-ND       
 2     3 FID201-FID203                                                                                        1 mm                 FID100               0     NA    ME57F1D3                                                                                                                              
 3     6 R206, R305-R307, R404, R405                                                                          1k/1%                0603                 0.55  SMD   REE225C4   Panasonic                      ERJ-3EKF1001V                  DigiKey                        P1.00KHCT-ND                  
 4     3 C322-C324                                                                                            1nF/100V             0603                 0.9   SMD   CA7BA082   Kemet                          C0603C102K1RACTU               DigiKey                        399-7831-1-ND                 
 5     2 C417, C420                                                                                           2.2nF/50V            0603                 0.9   SMD   CAA2E660   Kemet                          C0603C222K5RACTU               DigiKey                        399-1085-1-ND                 
 6     2 C402, C403                                                                                           2.2uF/16V            0603                 0.9   SMD   CAE3FFD5   Taiyo Yuden                    EMK107BB7225KA-T               DigiKey                        587-5835-1-ND                 
 7     3 C412-C414                                                                                            2.2uF/100V           1210                 2.1   SMD   CA33A3BE   Taiyo Yuden                    HMK325B7225KN-T                DigiKey                        587-1778-1-ND                 
 8     2 C301, C306                                                                                           4.7uF/16V            0805                 1.4   SMD   CAA99039   Kemet                          C0805C475K4RACTU               DigiKey                        399-7415-1-ND                 
 9    13 R207, R208, R302-R304, R314, R316-R322                                                               4k7/1%               0603                 0.55  SMD   REEB20E6   Panasonic                      ERJ-3EKF4701V                  DigiKey                        P4.70KHCT-ND                  
10     1 R301                                                                                                 10k/1%               0603                 0.55  SMD   RE376A23   Panasonic                      ERJ-3EKF1002V                  DigiKey                        P10.0KHCT-ND                  
11     1 R315                                                                                                 10k/1%               0603                 1     SMD   RE596FC2   Murata                         NCP18XH103F03RB                DigiKey                        490-4800-1-ND                 
12     1 C405                                                                                                 22nF/100V            0603                 0.9   SMD   CA8FD674   Kemet                          C0603C223K1RACTU               DigiKey                        399-3476-1-ND                 
13     1 X301                                                                                                 25MHz                MC2016               0.8   SMD   OSC403FD   Kyocera                        MC2016K25.0000C16ESH           DigiKey                        1253-1767-1-ND                
14     6 R401, R402, R406, R407, R411, R412                                                                   39R/1%               0603                 0.55  SMD   RE6DAB3B   Panasonic                      ERJ-3EKF39R0V                  DigiKey                        P39.0HCT-ND                   
15     1 R205                                                                                                 47k/1%               0603                 0.55  SMD   RE0B321D   Panasonic                      ERJ-3EKF4702V                  DigiKey                        P47.0KHCT-ND                  
16     1 C201                                                                                                 47uF/63V             EL63                 12.7  THM   CADC5A34   Panasonic                      EEU-FR1J470                    DigiKey                        P15400-ND                     
17     2 IC302, IC303                                                                                         74LVC3G17            VSSOP8               1     SMD   ICA678B7   Nexperia                       74LVC3G17DC,125                DigiKey                        1727-7043-1-ND                
18    21 C203, C204, C302-C305, C307, C309-C314, C321, C328, C329, C404, C415, C416, C418, C419               100nF/50V            0603                 0.95  SMD   CA1180F6   Murata                         GRM188R71H104KA93D             DigiKey                        490-1519-1-ND490-1519-1-ND    
19     3 C401, C406, C407                                                                                     100nF/100V           0805                 1.45  SMD   CABBED96   TDK                            C2012X7R2A104K125AA            DigiKey                        445-1418-1-ND                 
20     3 C325-C327                                                                                            100pF/50V            0603                 0.9   SMD   CAAA566A   Kemet                          C0603C101K5RACTU               DigiKey                        399-7824-1-ND                 
21     1 R202                                                                                                 100R/1%              0603                 0.55  SMD   RE6FD5F9   Panasonic                      ERJ-3EKF1000V                  DigiKey                        P100HCT-ND                    
22     2 R213, R217                                                                                           150R/1%              0603                 0.55  SMD   RE50094E   Panasonic                      ERJ-3EKF1500V                  DigiKey                        P150HCT-ND                    
23     7 C205-C211                                                                                            220pF/50V            0603                 0.9   SMD   CA28B428   Kemet                          C0603C221K5RACTU               DigiKey                        399-1071-1-ND                 
24     1 R201                                                                                                 220R/1%              0603                 0.55  SMD   RE7B8EC4   Panasonic                      ERJ-3EKF2200V                  DigiKey                        P220HCT-ND                    
25     7 R209-R212, R214-R216                                                                                 270R/1%              0603                 0.55  SMD   RE732B18   Panasonic                      ERJ-3EKF2700V                  DigiKey                        P270HCT-ND                    
26     4 C308, C408-C410                                                                                      470nF/50V            0603                 0.9   SMD   CA366036   Taiyo Yuden                    UMK107B7474KA-TR               DigiKey                        587-3170-1-ND                 
27     1 L301                                                                                                 600R/1A              0603                 1     SMD   INA99039   Würth                          742792651                      DigiKey                        732-1593-1-ND                 
28     2 IC402, IC403                                                                                         AD8418               SO8                  1.75  SMD   ICB7F252   Analog Devices                 AD8418WBRZ-RL                  DigiKey                        AD8418WBRZ-RLCT-ND            
29     1 J208                                                                                                 DF20F-10DP-1V        DF20F-10DP-1V        4.6   SMD   CO36D0AB   Hirose                         DF20F-10DP-1V(56)              DigiKey                        H10726CT-ND                   
30     3 Q401-Q403                                                                                            FDMD8260L            PQFN12               0.8   SMD   TR23DF2C   On Semiconductor               FDMD8260L                      DigiKey                        FDMD8260LCT-ND                
31     1 J207                                                                                                 HEADER-1X1           HEADER-1X1_V         8.55  THM   CODABB56   Würth                          61300111121                    DigiKey                        732-5314-ND                   
32     2 J201, J209                                                                                           HEADER-1X3           HEADER-1X3_V         8.55  THM   CO9114A2   Würth                          61300311121                    DigiKey                        732-5316-ND                   
33     2 J204, J206                                                                                           HEADER-1X4           HEADER-1X4_V         8.55  THM   CO9237CB   Würth                          61300411121                    DigiKey                        732-5317-ND                   
34     1 J202                                                                                                 HEADER-1X5           HEADER-1X5_V         8.55  THM   COD47CF4   Würth                          61300511121                    DigiKey                        732-5318-ND                   
35     2 J203, J205                                                                                           HEADER-1X7           HEADER-1X7_V         8.55  THM   COB4C62D   Würth                          61300711121                    DigiKey                        732-5320-ND                   
36     1 D203                                                                                                 LTST-C191TBKT-5A     0603                 0.65  SMD   LE8694AC   LITE-ON                        LTST-C191TBKT-5A               DigiKey                        160-2212-1-ND160-2212-1-ND    
37     1 D201                                                                                                 TLMS1000-GS08        0603                 0.65  SMD   LE0E619    Vishay                         TLMS1000-GS08                  DigiKey                        TLMS1000-GS08CT-ND            
38     1 IC301                                                                                                TMC4671-LA           QFN76                0.9   SMD   IC4B121A   Trinamic                       TMC4671-LA                     Trinamic                       TMC4671-LA                    
39     1 IC401                                                                                                TMC6100-TA           QFN37                0.9   SMD   ICA06E95   Trinamic                       TMC6100-TA                     Trinamic                       TMC6100-TA                    
