stm32g4xx_ll_usb.c:64:19:USB_CoreInit	0	static
stm32g4xx_ll_usb.c:84:19:USB_EnableGlobalInt	0	static
stm32g4xx_ll_usb.c:109:19:USB_DisableGlobalInt	0	static
stm32g4xx_ll_usb.c:133:19:USB_SetCurrentMode	0	static
stm32g4xx_ll_usb.c:154:19:USB_DevInit	8	static
stm32g4xx_ll_usb.c:182:19:USB_ActivateEndpoint	16	static
stm32g4xx_ll_usb.c:297:19:USB_DeactivateEndpoint	4	static
stm32g4xx_ll_usb.c:353:19:USB_EPStartXfer	20	static
stm32g4xx_ll_usb.c:614:19:USB_EPSetStall	0	static
stm32g4xx_ll_usb.c:634:19:USB_EPClearStall	4	static
stm32g4xx_ll_usb.c:666:19:USB_StopDevice	0	static
stm32g4xx_ll_usb.c:687:20:USB_SetDevAddress	0	static
stm32g4xx_ll_usb.c:703:20:USB_DevConnect	0	static
stm32g4xx_ll_usb.c:716:20:USB_DevDisconnect	0	static
stm32g4xx_ll_usb.c:729:11:USB_ReadInterrupts	0	static
stm32g4xx_ll_usb.c:742:19:USB_ActivateRemoteWakeup	0	static
stm32g4xx_ll_usb.c:754:19:USB_DeActivateRemoteWakeup	0	static
stm32g4xx_ll_usb.c:769:6:USB_WritePMA	0	static
stm32g4xx_ll_usb.c:803:6:USB_ReadPMA	16	static
