stm32f3xx_hal_spi.c:316:19:HAL_SPI_Init	24	static
stm32f3xx_hal_spi.c:461:19:HAL_SPI_DeInit	16	static
stm32f3xx_hal_spi.c:505:13:HAL_SPI_MspInit	16	static
stm32f3xx_hal_spi.c:521:13:HAL_SPI_MspDeInit	16	static
stm32f3xx_hal_spi.c:793:19:HAL_SPI_Transmit	40	static
stm32f3xx_hal_spi.c:976:19:HAL_SPI_Receive	40	static
stm32f3xx_hal_spi.c:1201:19:HAL_SPI_TransmitReceive	48	static
stm32f3xx_hal_spi.c:1499:19:HAL_SPI_Transmit_IT	32	static
stm32f3xx_hal_spi.c:1582:19:HAL_SPI_Receive_IT	32	static
stm32f3xx_hal_spi.c:1687:19:HAL_SPI_TransmitReceive_IT	32	static
stm32f3xx_hal_spi.c:1796:19:HAL_SPI_Transmit_DMA	32	static
stm32f3xx_hal_spi.c:1919:19:HAL_SPI_Receive_DMA	32	static
stm32f3xx_hal_spi.c:2071:19:HAL_SPI_TransmitReceive_DMA	32	static
stm32f3xx_hal_spi.c:2273:19:HAL_SPI_Abort	48	static
stm32f3xx_hal_spi.c:2433:19:HAL_SPI_Abort_IT	40	static
stm32f3xx_hal_spi.c:2594:19:HAL_SPI_DMAPause	16	static
stm32f3xx_hal_spi.c:2614:19:HAL_SPI_DMAResume	16	static
stm32f3xx_hal_spi.c:2634:19:HAL_SPI_DMAStop	24	static
stm32f3xx_hal_spi.c:2674:6:HAL_SPI_IRQHandler	40	static
stm32f3xx_hal_spi.c:2781:13:HAL_SPI_TxCpltCallback	16	static
stm32f3xx_hal_spi.c:2797:13:HAL_SPI_RxCpltCallback	16	static
stm32f3xx_hal_spi.c:2813:13:HAL_SPI_TxRxCpltCallback	16	static
stm32f3xx_hal_spi.c:2829:13:HAL_SPI_TxHalfCpltCallback	16	static
stm32f3xx_hal_spi.c:2845:13:HAL_SPI_RxHalfCpltCallback	16	static
stm32f3xx_hal_spi.c:2861:13:HAL_SPI_TxRxHalfCpltCallback	16	static
stm32f3xx_hal_spi.c:2877:13:HAL_SPI_ErrorCallback	16	static
stm32f3xx_hal_spi.c:2895:13:HAL_SPI_AbortCpltCallback	16	static
stm32f3xx_hal_spi.c:2930:22:HAL_SPI_GetState	16	static
stm32f3xx_hal_spi.c:2942:10:HAL_SPI_GetError	16	static
stm32f3xx_hal_spi.c:2967:13:SPI_DMATransmitCplt	32	static
stm32f3xx_hal_spi.c:3024:13:SPI_DMAReceiveCplt	24	static
stm32f3xx_hal_spi.c:3119:13:SPI_DMATransmitReceiveCplt	24	static
stm32f3xx_hal_spi.c:3208:13:SPI_DMAHalfTransmitCplt	24	static
stm32f3xx_hal_spi.c:3226:13:SPI_DMAHalfReceiveCplt	24	static
stm32f3xx_hal_spi.c:3244:13:SPI_DMAHalfTransmitReceiveCplt	24	static
stm32f3xx_hal_spi.c:3262:13:SPI_DMAError	24	static
stm32f3xx_hal_spi.c:3285:13:SPI_DMAAbortOnError	24	static
stm32f3xx_hal_spi.c:3307:13:SPI_DMATxAbortCallback	40	static
stm32f3xx_hal_spi.c:3373:13:SPI_DMARxAbortCallback	40	static
stm32f3xx_hal_spi.c:3438:13:SPI_2linesRxISR_8BIT	16	static
stm32f3xx_hal_spi.c:3516:13:SPI_2linesTxISR_8BIT	16	static
stm32f3xx_hal_spi.c:3563:13:SPI_2linesRxISR_16BIT	16	static
stm32f3xx_hal_spi.c:3615:13:SPI_2linesTxISR_16BIT	16	static
stm32f3xx_hal_spi.c:3673:13:SPI_RxISR_8BIT	16	static
stm32f3xx_hal_spi.c:3725:13:SPI_RxISR_16BIT	16	static
stm32f3xx_hal_spi.c:3758:13:SPI_TxISR_8BIT	16	static
stm32f3xx_hal_spi.c:3783:13:SPI_TxISR_16BIT	16	static
stm32f3xx_hal_spi.c:3813:26:SPI_WaitFlagStateUntilTimeout	24	static
stm32f3xx_hal_spi.c:3865:26:SPI_WaitFifoStateUntilTimeout	24	static
stm32f3xx_hal_spi.c:3921:26:SPI_EndRxTransaction	32	static
stm32f3xx_hal_spi.c:3957:26:SPI_EndRxTxTransaction	32	static
stm32f3xx_hal_spi.c:3989:13:SPI_CloseRxTx_ISR	24	static
stm32f3xx_hal_spi.c:4066:13:SPI_CloseRx_ISR	16	static
stm32f3xx_hal_spi.c:4123:13:SPI_CloseTx_ISR	24	static
stm32f3xx_hal_spi.c:4172:13:SPI_AbortRx_ISR	32	static
stm32f3xx_hal_spi.c:4216:13:SPI_AbortTx_ISR	32	static
