Archive member included to satisfy reference by file (symbol)

c:/st/stm32cubeide_1.5.1/stm32cubeide/plugins/com.st.stm32cube.ide.mcu.externaltools.gnu-tools-for-stm32.7-2018-q2-update.win32_1.5.0.202011040924/tools/bin/../lib/gcc/arm-none-eabi/7.3.1/../../../../arm-none-eabi/lib/thumb/v7e-m/fpv4-sp/hard\libc_nano.a(lib_a-errno.o)
                              Core/Src/syscalls.o (__errno)
c:/st/stm32cubeide_1.5.1/stm32cubeide/plugins/com.st.stm32cube.ide.mcu.externaltools.gnu-tools-for-stm32.7-2018-q2-update.win32_1.5.0.202011040924/tools/bin/../lib/gcc/arm-none-eabi/7.3.1/../../../../arm-none-eabi/lib/thumb/v7e-m/fpv4-sp/hard\libc_nano.a(lib_a-exit.o)
                              c:/st/stm32cubeide_1.5.1/stm32cubeide/plugins/com.st.stm32cube.ide.mcu.externaltools.gnu-tools-for-stm32.7-2018-q2-update.win32_1.5.0.202011040924/tools/bin/../lib/gcc/arm-none-eabi/7.3.1/../../../../arm-none-eabi/lib/thumb/v7e-m/fpv4-sp/hard/crt0.o (exit)
c:/st/stm32cubeide_1.5.1/stm32cubeide/plugins/com.st.stm32cube.ide.mcu.externaltools.gnu-tools-for-stm32.7-2018-q2-update.win32_1.5.0.202011040924/tools/bin/../lib/gcc/arm-none-eabi/7.3.1/../../../../arm-none-eabi/lib/thumb/v7e-m/fpv4-sp/hard\libc_nano.a(lib_a-impure.o)
                              c:/st/stm32cubeide_1.5.1/stm32cubeide/plugins/com.st.stm32cube.ide.mcu.externaltools.gnu-tools-for-stm32.7-2018-q2-update.win32_1.5.0.202011040924/tools/bin/../lib/gcc/arm-none-eabi/7.3.1/../../../../arm-none-eabi/lib/thumb/v7e-m/fpv4-sp/hard\libc_nano.a(lib_a-exit.o) (_global_impure_ptr)
c:/st/stm32cubeide_1.5.1/stm32cubeide/plugins/com.st.stm32cube.ide.mcu.externaltools.gnu-tools-for-stm32.7-2018-q2-update.win32_1.5.0.202011040924/tools/bin/../lib/gcc/arm-none-eabi/7.3.1/../../../../arm-none-eabi/lib/thumb/v7e-m/fpv4-sp/hard\libc_nano.a(lib_a-init.o)
                              c:/st/stm32cubeide_1.5.1/stm32cubeide/plugins/com.st.stm32cube.ide.mcu.externaltools.gnu-tools-for-stm32.7-2018-q2-update.win32_1.5.0.202011040924/tools/bin/../lib/gcc/arm-none-eabi/7.3.1/../../../../arm-none-eabi/lib/thumb/v7e-m/fpv4-sp/hard/crt0.o (__libc_init_array)
c:/st/stm32cubeide_1.5.1/stm32cubeide/plugins/com.st.stm32cube.ide.mcu.externaltools.gnu-tools-for-stm32.7-2018-q2-update.win32_1.5.0.202011040924/tools/bin/../lib/gcc/arm-none-eabi/7.3.1/../../../../arm-none-eabi/lib/thumb/v7e-m/fpv4-sp/hard\libc_nano.a(lib_a-memset.o)
                              c:/st/stm32cubeide_1.5.1/stm32cubeide/plugins/com.st.stm32cube.ide.mcu.externaltools.gnu-tools-for-stm32.7-2018-q2-update.win32_1.5.0.202011040924/tools/bin/../lib/gcc/arm-none-eabi/7.3.1/../../../../arm-none-eabi/lib/thumb/v7e-m/fpv4-sp/hard/crt0.o (memset)

Allocating common symbols
Common symbol       size              file

uwTick              0x4               Drivers/STM32G4xx_HAL_Driver/Src/stm32g4xx_hal.o

Discarded input sections

 .text          0x0000000000000000        0x0 c:/st/stm32cubeide_1.5.1/stm32cubeide/plugins/com.st.stm32cube.ide.mcu.externaltools.gnu-tools-for-stm32.7-2018-q2-update.win32_1.5.0.202011040924/tools/bin/../lib/gcc/arm-none-eabi/7.3.1/thumb/v7e-m/fpv4-sp/hard/crti.o
 .data          0x0000000000000000        0x0 c:/st/stm32cubeide_1.5.1/stm32cubeide/plugins/com.st.stm32cube.ide.mcu.externaltools.gnu-tools-for-stm32.7-2018-q2-update.win32_1.5.0.202011040924/tools/bin/../lib/gcc/arm-none-eabi/7.3.1/thumb/v7e-m/fpv4-sp/hard/crti.o
 .bss           0x0000000000000000        0x0 c:/st/stm32cubeide_1.5.1/stm32cubeide/plugins/com.st.stm32cube.ide.mcu.externaltools.gnu-tools-for-stm32.7-2018-q2-update.win32_1.5.0.202011040924/tools/bin/../lib/gcc/arm-none-eabi/7.3.1/thumb/v7e-m/fpv4-sp/hard/crti.o
 .data          0x0000000000000000        0x4 c:/st/stm32cubeide_1.5.1/stm32cubeide/plugins/com.st.stm32cube.ide.mcu.externaltools.gnu-tools-for-stm32.7-2018-q2-update.win32_1.5.0.202011040924/tools/bin/../lib/gcc/arm-none-eabi/7.3.1/thumb/v7e-m/fpv4-sp/hard/crtbegin.o
 .text          0x0000000000000000       0x74 c:/st/stm32cubeide_1.5.1/stm32cubeide/plugins/com.st.stm32cube.ide.mcu.externaltools.gnu-tools-for-stm32.7-2018-q2-update.win32_1.5.0.202011040924/tools/bin/../lib/gcc/arm-none-eabi/7.3.1/../../../../arm-none-eabi/lib/thumb/v7e-m/fpv4-sp/hard/crt0.o
 .data          0x0000000000000000        0x0 c:/st/stm32cubeide_1.5.1/stm32cubeide/plugins/com.st.stm32cube.ide.mcu.externaltools.gnu-tools-for-stm32.7-2018-q2-update.win32_1.5.0.202011040924/tools/bin/../lib/gcc/arm-none-eabi/7.3.1/../../../../arm-none-eabi/lib/thumb/v7e-m/fpv4-sp/hard/crt0.o
 .bss           0x0000000000000000        0x0 c:/st/stm32cubeide_1.5.1/stm32cubeide/plugins/com.st.stm32cube.ide.mcu.externaltools.gnu-tools-for-stm32.7-2018-q2-update.win32_1.5.0.202011040924/tools/bin/../lib/gcc/arm-none-eabi/7.3.1/../../../../arm-none-eabi/lib/thumb/v7e-m/fpv4-sp/hard/crt0.o
[...]
Memory Configuration

Name             Origin             Length             Attributes
RAM              0x0000000020000000 0x0000000000020000 xrw
FLASH            0x0000000008000000 0x0000000000020000 xr
*default*        0x0000000000000000 0xffffffffffffffff

Linker script and memory map

LOAD c:/st/stm32cubeide_1.5.1/stm32cubeide/plugins/com.st.stm32cube.ide.mcu.externaltools.gnu-tools-for-stm32.7-2018-q2-update.win32_1.5.0.202011040924/tools/bin/../lib/gcc/arm-none-eabi/7.3.1/thumb/v7e-m/fpv4-sp/hard/crti.o
LOAD c:/st/stm32cubeide_1.5.1/stm32cubeide/plugins/com.st.stm32cube.ide.mcu.externaltools.gnu-tools-for-stm32.7-2018-q2-update.win32_1.5.0.202011040924/tools/bin/../lib/gcc/arm-none-eabi/7.3.1/thumb/v7e-m/fpv4-sp/hard/crtbegin.o
LOAD c:/st/stm32cubeide_1.5.1/stm32cubeide/plugins/com.st.stm32cube.ide.mcu.externaltools.gnu-tools-for-stm32.7-2018-q2-update.win32_1.5.0.202011040924/tools/bin/../lib/gcc/arm-none-eabi/7.3.1/../../../../arm-none-eabi/lib/thumb/v7e-m/fpv4-sp/hard/crt0.o
LOAD Core/Src/main.o
LOAD Core/Src/stm32g4xx_hal_msp.o
LOAD Core/Src/stm32g4xx_it.o
LOAD Core/Src/syscalls.o
LOAD Core/Src/sysmem.o
LOAD Core/Src/system_stm32g4xx.o
LOAD Core/Startup/startup_stm32g474rbtx.o
LOAD Drivers/STM32G4xx_HAL_Driver/Src/stm32g4xx_hal.o
LOAD Drivers/STM32G4xx_HAL_Driver/Src/stm32g4xx_hal_cortex.o
LOAD Drivers/STM32G4xx_HAL_Driver/Src/stm32g4xx_hal_dma.o
LOAD Drivers/STM32G4xx_HAL_Driver/Src/stm32g4xx_hal_dma_ex.o
LOAD Drivers/STM32G4xx_HAL_Driver/Src/stm32g4xx_hal_exti.o
LOAD Drivers/STM32G4xx_HAL_Driver/Src/stm32g4xx_hal_flash.o
LOAD Drivers/STM32G4xx_HAL_Driver/Src/stm32g4xx_hal_flash_ex.o
LOAD Drivers/STM32G4xx_HAL_Driver/Src/stm32g4xx_hal_flash_ramfunc.o
LOAD Drivers/STM32G4xx_HAL_Driver/Src/stm32g4xx_hal_gpio.o
LOAD Drivers/STM32G4xx_HAL_Driver/Src/stm32g4xx_hal_pwr.o
LOAD Drivers/STM32G4xx_HAL_Driver/Src/stm32g4xx_hal_pwr_ex.o
LOAD Drivers/STM32G4xx_HAL_Driver/Src/stm32g4xx_hal_rcc.o
LOAD Drivers/STM32G4xx_HAL_Driver/Src/stm32g4xx_hal_rcc_ex.o
LOAD Drivers/STM32G4xx_HAL_Driver/Src/stm32g4xx_hal_tim.o
LOAD Drivers/STM32G4xx_HAL_Driver/Src/stm32g4xx_hal_tim_ex.o
START GROUP
LOAD c:/st/stm32cubeide_1.5.1/stm32cubeide/plugins/com.st.stm32cube.ide.mcu.externaltools.gnu-tools-for-stm32.7-2018-q2-update.win32_1.5.0.202011040924/tools/bin/../lib/gcc/arm-none-eabi/7.3.1/../../../../arm-none-eabi/lib/thumb/v7e-m/fpv4-sp/hard\libstdc++_nano.a
LOAD c:/st/stm32cubeide_1.5.1/stm32cubeide/plugins/com.st.stm32cube.ide.mcu.externaltools.gnu-tools-for-stm32.7-2018-q2-update.win32_1.5.0.202011040924/tools/bin/../lib/gcc/arm-none-eabi/7.3.1/../../../../arm-none-eabi/lib/thumb/v7e-m/fpv4-sp/hard\libsupc++_nano.a
END GROUP
LOAD c:/st/stm32cubeide_1.5.1/stm32cubeide/plugins/com.st.stm32cube.ide.mcu.externaltools.gnu-tools-for-stm32.7-2018-q2-update.win32_1.5.0.202011040924/tools/bin/../lib/gcc/arm-none-eabi/7.3.1/../../../../arm-none-eabi/lib/thumb/v7e-m/fpv4-sp/hard\libstdc++_nano.a
LOAD c:/st/stm32cubeide_1.5.1/stm32cubeide/plugins/com.st.stm32cube.ide.mcu.externaltools.gnu-tools-for-stm32.7-2018-q2-update.win32_1.5.0.202011040924/tools/bin/../lib/gcc/arm-none-eabi/7.3.1/../../../../arm-none-eabi/lib/thumb/v7e-m/fpv4-sp/hard\libm.a
LOAD c:/st/stm32cubeide_1.5.1/stm32cubeide/plugins/com.st.stm32cube.ide.mcu.externaltools.gnu-tools-for-stm32.7-2018-q2-update.win32_1.5.0.202011040924/tools/bin/../lib/gcc/arm-none-eabi/7.3.1/../../../../arm-none-eabi/lib/thumb/v7e-m/fpv4-sp/hard\libc_nano.a
START GROUP
LOAD c:/st/stm32cubeide_1.5.1/stm32cubeide/plugins/com.st.stm32cube.ide.mcu.externaltools.gnu-tools-for-stm32.7-2018-q2-update.win32_1.5.0.202011040924/tools/bin/../lib/gcc/arm-none-eabi/7.3.1/thumb/v7e-m/fpv4-sp/hard\libgcc.a
LOAD c:/st/stm32cubeide_1.5.1/stm32cubeide/plugins/com.st.stm32cube.ide.mcu.externaltools.gnu-tools-for-stm32.7-2018-q2-update.win32_1.5.0.202011040924/tools/bin/../lib/gcc/arm-none-eabi/7.3.1/../../../../arm-none-eabi/lib/thumb/v7e-m/fpv4-sp/hard\libc_nano.a
END GROUP
START GROUP
LOAD c:/st/stm32cubeide_1.5.1/stm32cubeide/plugins/com.st.stm32cube.ide.mcu.externaltools.gnu-tools-for-stm32.7-2018-q2-update.win32_1.5.0.202011040924/tools/bin/../lib/gcc/arm-none-eabi/7.3.1/thumb/v7e-m/fpv4-sp/hard\libgcc.a
LOAD c:/st/stm32cubeide_1.5.1/stm32cubeide/plugins/com.st.stm32cube.ide.mcu.externaltools.gnu-tools-for-stm32.7-2018-q2-update.win32_1.5.0.202011040924/tools/bin/../lib/gcc/arm-none-eabi/7.3.1/../../../../arm-none-eabi/lib/thumb/v7e-m/fpv4-sp/hard\libc_nano.a
LOAD c:/st/stm32cubeide_1.5.1/stm32cubeide/plugins/com.st.stm32cube.ide.mcu.externaltools.gnu-tools-for-stm32.7-2018-q2-update.win32_1.5.0.202011040924/tools/bin/../lib/gcc/arm-none-eabi/7.3.1/../../../../arm-none-eabi/lib/thumb/v7e-m/fpv4-sp/hard\libnosys.a
END GROUP
START GROUP
LOAD c:/st/stm32cubeide_1.5.1/stm32cubeide/plugins/com.st.stm32cube.ide.mcu.externaltools.gnu-tools-for-stm32.7-2018-q2-update.win32_1.5.0.202011040924/tools/bin/../lib/gcc/arm-none-eabi/7.3.1/thumb/v7e-m/fpv4-sp/hard\libgcc.a
LOAD c:/st/stm32cubeide_1.5.1/stm32cubeide/plugins/com.st.stm32cube.ide.mcu.externaltools.gnu-tools-for-stm32.7-2018-q2-update.win32_1.5.0.202011040924/tools/bin/../lib/gcc/arm-none-eabi/7.3.1/../../../../arm-none-eabi/lib/thumb/v7e-m/fpv4-sp/hard\libc_nano.a
LOAD c:/st/stm32cubeide_1.5.1/stm32cubeide/plugins/com.st.stm32cube.ide.mcu.externaltools.gnu-tools-for-stm32.7-2018-q2-update.win32_1.5.0.202011040924/tools/bin/../lib/gcc/arm-none-eabi/7.3.1/../../../../arm-none-eabi/lib/thumb/v7e-m/fpv4-sp/hard\libnosys.a
END GROUP
LOAD c:/st/stm32cubeide_1.5.1/stm32cubeide/plugins/com.st.stm32cube.ide.mcu.externaltools.gnu-tools-for-stm32.7-2018-q2-update.win32_1.5.0.202011040924/tools/bin/../lib/gcc/arm-none-eabi/7.3.1/thumb/v7e-m/fpv4-sp/hard/crtend.o
LOAD c:/st/stm32cubeide_1.5.1/stm32cubeide/plugins/com.st.stm32cube.ide.mcu.externaltools.gnu-tools-for-stm32.7-2018-q2-update.win32_1.5.0.202011040924/tools/bin/../lib/gcc/arm-none-eabi/7.3.1/thumb/v7e-m/fpv4-sp/hard/crtn.o
                0x0000000020020000                _estack = (ORIGIN (RAM) + LENGTH (RAM))
                0x0000000000000200                _Min_Heap_Size = 0x200
                0x0000000000000400                _Min_Stack_Size = 0x400

.isr_vector     0x0000000008000000      0x1d8
                0x0000000008000000                . = ALIGN (0x4)
 *(.isr_vector)
 .isr_vector    0x0000000008000000      0x1d8 Core/Startup/startup_stm32g474rbtx.o
                0x0000000008000000                g_pfnVectors
                0x00000000080001d8                . = ALIGN (0x4)

.text           0x00000000080001d8     0x1078
                0x00000000080001d8                . = ALIGN (0x4)
 *(.text)
 .text          0x00000000080001d8       0x40 c:/st/stm32cubeide_1.5.1/stm32cubeide/plugins/com.st.stm32cube.ide.mcu.externaltools.gnu-tools-for-stm32.7-2018-q2-update.win32_1.5.0.202011040924/tools/bin/../lib/gcc/arm-none-eabi/7.3.1/thumb/v7e-m/fpv4-sp/hard/crtbegin.o
 *(.text*)
 .text.main     0x0000000008000218        0xe Core/Src/main.o
                0x0000000008000218                main
 .text.SystemClock_Config
                0x0000000008000226       0x80 Core/Src/main.o
                0x0000000008000226                SystemClock_Config
 .text.Error_Handler
                0x00000000080002a6        0xe Core/Src/main.o
                0x00000000080002a6                Error_Handler
 .text.HAL_MspInit
                0x00000000080002b4       0x48 Core/Src/stm32g4xx_hal_msp.o
                0x00000000080002b4                HAL_MspInit
 .text.NMI_Handler
                0x00000000080002fc        0xe Core/Src/stm32g4xx_it.o
                0x00000000080002fc                NMI_Handler
 .text.HardFault_Handler
                0x000000000800030a        0x6 Core/Src/stm32g4xx_it.o
                0x000000000800030a                HardFault_Handler
 .text.MemManage_Handler
                0x0000000008000310        0x6 Core/Src/stm32g4xx_it.o
                0x0000000008000310                MemManage_Handler
 .text.BusFault_Handler
                0x0000000008000316        0x6 Core/Src/stm32g4xx_it.o
                0x0000000008000316                BusFault_Handler
 .text.UsageFault_Handler
                0x000000000800031c        0x6 Core/Src/stm32g4xx_it.o
                0x000000000800031c                UsageFault_Handler
 .text.SVC_Handler
                0x0000000008000322        0xe Core/Src/stm32g4xx_it.o
                0x0000000008000322                SVC_Handler
 .text.DebugMon_Handler
                0x0000000008000330        0xe Core/Src/stm32g4xx_it.o
                0x0000000008000330                DebugMon_Handler
 .text.PendSV_Handler
                0x000000000800033e        0xe Core/Src/stm32g4xx_it.o
                0x000000000800033e                PendSV_Handler
 .text.SysTick_Handler
                0x000000000800034c        0xc Core/Src/stm32g4xx_it.o
                0x000000000800034c                SysTick_Handler
 .text.SystemInit
                0x0000000008000358       0x2c Core/Src/system_stm32g4xx.o
                0x0000000008000358                SystemInit
 .text.Reset_Handler
                0x0000000008000384       0x50 Core/Startup/startup_stm32g474rbtx.o
                0x0000000008000384                Reset_Handler
 .text.Default_Handler
                0x00000000080003d4        0x2 Core/Startup/startup_stm32g474rbtx.o
                0x00000000080003d4                RTC_Alarm_IRQHandler
                0x00000000080003d4                EXTI2_IRQHandler
                0x00000000080003d4                TIM8_TRG_COM_IRQHandler
                0x00000000080003d4                TIM8_CC_IRQHandler
                0x00000000080003d4                HRTIM1_Master_IRQHandler
                0x00000000080003d4                SPI4_IRQHandler
                0x00000000080003d4                FDCAN3_IT0_IRQHandler
                0x00000000080003d4                TIM1_CC_IRQHandler
                0x00000000080003d4                HRTIM1_FLT_IRQHandler
                0x00000000080003d4                HRTIM1_TIMF_IRQHandler
                0x00000000080003d4                USB_HP_IRQHandler
                0x00000000080003d4                CORDIC_IRQHandler
                0x00000000080003d4                HRTIM1_TIMD_IRQHandler
                0x00000000080003d4                DMA2_Channel8_IRQHandler
                0x00000000080003d4                EXTI3_IRQHandler
                0x00000000080003d4                I2C3_ER_IRQHandler
                0x00000000080003d4                EXTI0_IRQHandler
                0x00000000080003d4                I2C2_EV_IRQHandler
                0x00000000080003d4                FPU_IRQHandler
                0x00000000080003d4                FDCAN1_IT1_IRQHandler
                0x00000000080003d4                TIM1_UP_TIM16_IRQHandler
                0x00000000080003d4                ADC1_2_IRQHandler
                0x00000000080003d4                HRTIM1_TIME_IRQHandler
                0x00000000080003d4                SPI1_IRQHandler
                0x00000000080003d4                TIM6_DAC_IRQHandler
                0x00000000080003d4                HRTIM1_TIMC_IRQHandler
                0x00000000080003d4                TIM8_UP_IRQHandler
                0x00000000080003d4                DMA2_Channel2_IRQHandler
                0x00000000080003d4                DMA1_Channel4_IRQHandler
                0x00000000080003d4                TIM20_TRG_COM_IRQHandler
                0x00000000080003d4                USART3_IRQHandler
                0x00000000080003d4                DMA1_Channel7_IRQHandler
                0x00000000080003d4                UART5_IRQHandler
                0x00000000080003d4                ADC3_IRQHandler
                0x00000000080003d4                TIM4_IRQHandler
                0x00000000080003d4                DMA2_Channel1_IRQHandler
                0x00000000080003d4                QUADSPI_IRQHandler
                0x00000000080003d4                I2C1_EV_IRQHandler
                0x00000000080003d4                DMA1_Channel6_IRQHandler
                0x00000000080003d4                UART4_IRQHandler
                0x00000000080003d4                DMA2_Channel4_IRQHandler
                0x00000000080003d4                TIM3_IRQHandler
                0x00000000080003d4                RCC_IRQHandler
                0x00000000080003d4                TIM20_UP_IRQHandler
                0x00000000080003d4                DMA1_Channel1_IRQHandler
                0x00000000080003d4                Default_Handler
                0x00000000080003d4                DMA2_Channel7_IRQHandler
                0x00000000080003d4                RTC_TAMP_LSECSS_IRQHandler
                0x00000000080003d4                FMAC_IRQHandler
                0x00000000080003d4                EXTI15_10_IRQHandler
                0x00000000080003d4                DMA1_Channel8_IRQHandler
                0x00000000080003d4                HRTIM1_TIMA_IRQHandler
                0x00000000080003d4                TIM7_DAC_IRQHandler
                0x00000000080003d4                FDCAN3_IT1_IRQHandler
                0x00000000080003d4                TIM5_IRQHandler
                0x00000000080003d4                UCPD1_IRQHandler
                0x00000000080003d4                I2C3_EV_IRQHandler
                0x00000000080003d4                EXTI9_5_IRQHandler
                0x00000000080003d4                RTC_WKUP_IRQHandler
                0x00000000080003d4                PVD_PVM_IRQHandler
                0x00000000080003d4                SPI2_IRQHandler
                0x00000000080003d4                ADC5_IRQHandler
                0x00000000080003d4                DMA2_Channel5_IRQHandler
                0x00000000080003d4                CRS_IRQHandler
                0x00000000080003d4                DMA1_Channel5_IRQHandler
                0x00000000080003d4                USB_LP_IRQHandler
                0x00000000080003d4                EXTI4_IRQHandler
                0x00000000080003d4                RNG_IRQHandler
                0x00000000080003d4                HRTIM1_TIMB_IRQHandler
                0x00000000080003d4                TIM1_TRG_COM_TIM17_IRQHandler
                0x00000000080003d4                FDCAN2_IT1_IRQHandler
                0x00000000080003d4                DMA1_Channel3_IRQHandler
                0x00000000080003d4                ADC4_IRQHandler
                0x00000000080003d4                WWDG_IRQHandler
                0x00000000080003d4                I2C4_EV_IRQHandler
                0x00000000080003d4                FDCAN2_IT0_IRQHandler
                0x00000000080003d4                LPUART1_IRQHandler
                0x00000000080003d4                DMA2_Channel6_IRQHandler
                0x00000000080003d4                FDCAN1_IT0_IRQHandler
                0x00000000080003d4                TIM2_IRQHandler
                0x00000000080003d4                COMP7_IRQHandler
                0x00000000080003d4                COMP1_2_3_IRQHandler
                0x00000000080003d4                EXTI1_IRQHandler
                0x00000000080003d4                USART2_IRQHandler
                0x00000000080003d4                COMP4_5_6_IRQHandler
                0x00000000080003d4                TIM20_BRK_IRQHandler
                0x00000000080003d4                I2C2_ER_IRQHandler
                0x00000000080003d4                DMA1_Channel2_IRQHandler
                0x00000000080003d4                TIM8_BRK_IRQHandler
                0x00000000080003d4                FLASH_IRQHandler
                0x00000000080003d4                TIM20_CC_IRQHandler
                0x00000000080003d4                USART1_IRQHandler
                0x00000000080003d4                SPI3_IRQHandler
                0x00000000080003d4                I2C1_ER_IRQHandler
                0x00000000080003d4                FMC_IRQHandler
                0x00000000080003d4                LPTIM1_IRQHandler
                0x00000000080003d4                DMAMUX_OVR_IRQHandler
                0x00000000080003d4                I2C4_ER_IRQHandler
                0x00000000080003d4                USBWakeUp_IRQHandler
                0x00000000080003d4                SAI1_IRQHandler
                0x00000000080003d4                DMA2_Channel3_IRQHandler
                0x00000000080003d4                TIM1_BRK_TIM15_IRQHandler
 .text.HAL_Init
                0x00000000080003d6       0x30 Drivers/STM32G4xx_HAL_Driver/Src/stm32g4xx_hal.o
                0x00000000080003d6                HAL_Init
 *fill*         0x0000000008000406        0x2 
 .text.HAL_InitTick
                0x0000000008000408       0x74 Drivers/STM32G4xx_HAL_Driver/Src/stm32g4xx_hal.o
                0x0000000008000408                HAL_InitTick
 .text.HAL_IncTick
                0x000000000800047c       0x24 Drivers/STM32G4xx_HAL_Driver/Src/stm32g4xx_hal.o
                0x000000000800047c                HAL_IncTick
 .text.HAL_GetTick
                0x00000000080004a0       0x18 Drivers/STM32G4xx_HAL_Driver/Src/stm32g4xx_hal.o
                0x00000000080004a0                HAL_GetTick
 .text.__NVIC_SetPriorityGrouping
                0x00000000080004b8       0x48 Drivers/STM32G4xx_HAL_Driver/Src/stm32g4xx_hal_cortex.o
 .text.__NVIC_GetPriorityGrouping
                0x0000000008000500       0x1c Drivers/STM32G4xx_HAL_Driver/Src/stm32g4xx_hal_cortex.o
 .text.__NVIC_SetPriority
                0x000000000800051c       0x54 Drivers/STM32G4xx_HAL_Driver/Src/stm32g4xx_hal_cortex.o
 .text.NVIC_EncodePriority
                0x0000000008000570       0x66 Drivers/STM32G4xx_HAL_Driver/Src/stm32g4xx_hal_cortex.o
 *fill*         0x00000000080005d6        0x2 
 .text.SysTick_Config
                0x00000000080005d8       0x44 Drivers/STM32G4xx_HAL_Driver/Src/stm32g4xx_hal_cortex.o
 .text.HAL_NVIC_SetPriorityGrouping
                0x000000000800061c       0x16 Drivers/STM32G4xx_HAL_Driver/Src/stm32g4xx_hal_cortex.o
                0x000000000800061c                HAL_NVIC_SetPriorityGrouping
 .text.HAL_NVIC_SetPriority
                0x0000000008000632       0x34 Drivers/STM32G4xx_HAL_Driver/Src/stm32g4xx_hal_cortex.o
                0x0000000008000632                HAL_NVIC_SetPriority
 .text.HAL_SYSTICK_Config
                0x0000000008000666       0x18 Drivers/STM32G4xx_HAL_Driver/Src/stm32g4xx_hal_cortex.o
                0x0000000008000666                HAL_SYSTICK_Config
 *fill*         0x000000000800067e        0x2 
 .text.HAL_PWREx_ControlVoltageScaling
                0x0000000008000680      0x148 Drivers/STM32G4xx_HAL_Driver/Src/stm32g4xx_hal_pwr_ex.o
                0x0000000008000680                HAL_PWREx_ControlVoltageScaling
 .text.HAL_PWREx_DisableUCPDDeadBattery
                0x00000000080007c8       0x20 Drivers/STM32G4xx_HAL_Driver/Src/stm32g4xx_hal_pwr_ex.o
                0x00000000080007c8                HAL_PWREx_DisableUCPDDeadBattery
 .text.HAL_RCC_OscConfig
                0x00000000080007e8      0x630 Drivers/STM32G4xx_HAL_Driver/Src/stm32g4xx_hal_rcc.o
                0x00000000080007e8                HAL_RCC_OscConfig
 .text.HAL_RCC_ClockConfig
                0x0000000008000e18      0x278 Drivers/STM32G4xx_HAL_Driver/Src/stm32g4xx_hal_rcc.o
                0x0000000008000e18                HAL_RCC_ClockConfig
 .text.HAL_RCC_GetSysClockFreq
                0x0000000008001090       0xc4 Drivers/STM32G4xx_HAL_Driver/Src/stm32g4xx_hal_rcc.o
                0x0000000008001090                HAL_RCC_GetSysClockFreq
 .text.RCC_GetSysClockFreqFromPLLSource
                0x0000000008001154       0x8c Drivers/STM32G4xx_HAL_Driver/Src/stm32g4xx_hal_rcc.o
 .text.__libc_init_array
                0x00000000080011e0       0x48 c:/st/stm32cubeide_1.5.1/stm32cubeide/plugins/com.st.stm32cube.ide.mcu.externaltools.gnu-tools-for-stm32.7-2018-q2-update.win32_1.5.0.202011040924/tools/bin/../lib/gcc/arm-none-eabi/7.3.1/../../../../arm-none-eabi/lib/thumb/v7e-m/fpv4-sp/hard\libc_nano.a(lib_a-init.o)
                0x00000000080011e0                __libc_init_array
 .text.memset   0x0000000008001228       0x10 c:/st/stm32cubeide_1.5.1/stm32cubeide/plugins/com.st.stm32cube.ide.mcu.externaltools.gnu-tools-for-stm32.7-2018-q2-update.win32_1.5.0.202011040924/tools/bin/../lib/gcc/arm-none-eabi/7.3.1/../../../../arm-none-eabi/lib/thumb/v7e-m/fpv4-sp/hard\libc_nano.a(lib_a-memset.o)
                0x0000000008001228                memset
 *(.glue_7)
 .glue_7        0x0000000008001238        0x0 linker stubs
 *(.glue_7t)
 .glue_7t       0x0000000008001238        0x0 linker stubs
 *(.eh_frame)
 .eh_frame      0x0000000008001238        0x0 c:/st/stm32cubeide_1.5.1/stm32cubeide/plugins/com.st.stm32cube.ide.mcu.externaltools.gnu-tools-for-stm32.7-2018-q2-update.win32_1.5.0.202011040924/tools/bin/../lib/gcc/arm-none-eabi/7.3.1/thumb/v7e-m/fpv4-sp/hard/crtbegin.o
 *(.init)
 .init          0x0000000008001238        0x4 c:/st/stm32cubeide_1.5.1/stm32cubeide/plugins/com.st.stm32cube.ide.mcu.externaltools.gnu-tools-for-stm32.7-2018-q2-update.win32_1.5.0.202011040924/tools/bin/../lib/gcc/arm-none-eabi/7.3.1/thumb/v7e-m/fpv4-sp/hard/crti.o
                0x0000000008001238                _init
 .init          0x000000000800123c        0x8 c:/st/stm32cubeide_1.5.1/stm32cubeide/plugins/com.st.stm32cube.ide.mcu.externaltools.gnu-tools-for-stm32.7-2018-q2-update.win32_1.5.0.202011040924/tools/bin/../lib/gcc/arm-none-eabi/7.3.1/thumb/v7e-m/fpv4-sp/hard/crtn.o
 *(.fini)
 .fini          0x0000000008001244        0x4 c:/st/stm32cubeide_1.5.1/stm32cubeide/plugins/com.st.stm32cube.ide.mcu.externaltools.gnu-tools-for-stm32.7-2018-q2-update.win32_1.5.0.202011040924/tools/bin/../lib/gcc/arm-none-eabi/7.3.1/thumb/v7e-m/fpv4-sp/hard/crti.o
                0x0000000008001244                _fini
 .fini          0x0000000008001248        0x8 c:/st/stm32cubeide_1.5.1/stm32cubeide/plugins/com.st.stm32cube.ide.mcu.externaltools.gnu-tools-for-stm32.7-2018-q2-update.win32_1.5.0.202011040924/tools/bin/../lib/gcc/arm-none-eabi/7.3.1/thumb/v7e-m/fpv4-sp/hard/crtn.o
                0x0000000008001250                . = ALIGN (0x4)
                0x0000000008001250                _etext = .

.vfp11_veneer   0x0000000008001250        0x0
 .vfp11_veneer  0x0000000008001250        0x0 linker stubs

.v4_bx          0x0000000008001250        0x0
 .v4_bx         0x0000000008001250        0x0 linker stubs

.iplt           0x0000000008001250        0x0
 .iplt          0x0000000008001250        0x0 c:/st/stm32cubeide_1.5.1/stm32cubeide/plugins/com.st.stm32cube.ide.mcu.externaltools.gnu-tools-for-stm32.7-2018-q2-update.win32_1.5.0.202011040924/tools/bin/../lib/gcc/arm-none-eabi/7.3.1/thumb/v7e-m/fpv4-sp/hard/crtbegin.o

.rodata         0x0000000008001250       0x10
                0x0000000008001250                . = ALIGN (0x4)
 *(.rodata)
 *(.rodata*)
 .rodata.AHBPrescTable
                0x0000000008001250       0x10 Core/Src/system_stm32g4xx.o
                0x0000000008001250                AHBPrescTable
                0x0000000008001260                . = ALIGN (0x4)

.rel.dyn        0x0000000008001260        0x0
 .rel.iplt      0x0000000008001260        0x0 c:/st/stm32cubeide_1.5.1/stm32cubeide/plugins/com.st.stm32cube.ide.mcu.externaltools.gnu-tools-for-stm32.7-2018-q2-update.win32_1.5.0.202011040924/tools/bin/../lib/gcc/arm-none-eabi/7.3.1/thumb/v7e-m/fpv4-sp/hard/crtbegin.o

.ARM.extab      0x0000000008001260        0x0
                0x0000000008001260                . = ALIGN (0x4)
 *(.ARM.extab* .gnu.linkonce.armextab.*)
                0x0000000008001260                . = ALIGN (0x4)

.ARM            0x0000000008001260        0x0
                0x0000000008001260                . = ALIGN (0x4)
                0x0000000008001260                __exidx_start = .
 *(.ARM.exidx*)
                0x0000000008001260                __exidx_end = .
                0x0000000008001260                . = ALIGN (0x4)

.preinit_array  0x0000000008001260        0x0
                0x0000000008001260                . = ALIGN (0x4)
                0x0000000008001260                PROVIDE (__preinit_array_start = .)
 *(.preinit_array*)
                0x0000000008001260                PROVIDE (__preinit_array_end = .)
                0x0000000008001260                . = ALIGN (0x4)

.init_array     0x0000000008001260        0x4
                0x0000000008001260                . = ALIGN (0x4)
                0x0000000008001260                PROVIDE (__init_array_start = .)
 *(SORT_BY_NAME(.init_array.*))
 *(.init_array*)
 .init_array    0x0000000008001260        0x4 c:/st/stm32cubeide_1.5.1/stm32cubeide/plugins/com.st.stm32cube.ide.mcu.externaltools.gnu-tools-for-stm32.7-2018-q2-update.win32_1.5.0.202011040924/tools/bin/../lib/gcc/arm-none-eabi/7.3.1/thumb/v7e-m/fpv4-sp/hard/crtbegin.o
                0x0000000008001264                PROVIDE (__init_array_end = .)
                0x0000000008001264                . = ALIGN (0x4)

.fini_array     0x0000000008001264        0x4
                0x0000000008001264                . = ALIGN (0x4)
                [!provide]                        PROVIDE (__fini_array_start = .)
 *(SORT_BY_NAME(.fini_array.*))
 *(.fini_array*)
 .fini_array    0x0000000008001264        0x4 c:/st/stm32cubeide_1.5.1/stm32cubeide/plugins/com.st.stm32cube.ide.mcu.externaltools.gnu-tools-for-stm32.7-2018-q2-update.win32_1.5.0.202011040924/tools/bin/../lib/gcc/arm-none-eabi/7.3.1/thumb/v7e-m/fpv4-sp/hard/crtbegin.o
                [!provide]                        PROVIDE (__fini_array_end = .)
                0x0000000008001268                . = ALIGN (0x4)
                0x0000000008001268                _sidata = LOADADDR (.data)

.data           0x0000000020000000        0xc load address 0x0000000008001268
                0x0000000020000000                . = ALIGN (0x4)
                0x0000000020000000                _sdata = .
 *(.data)
 *(.data*)
 .data.SystemCoreClock
                0x0000000020000000        0x4 Core/Src/system_stm32g4xx.o
                0x0000000020000000                SystemCoreClock
 .data.uwTickPrio
                0x0000000020000004        0x4 Drivers/STM32G4xx_HAL_Driver/Src/stm32g4xx_hal.o
                0x0000000020000004                uwTickPrio
 .data.uwTickFreq
                0x0000000020000008        0x4 Drivers/STM32G4xx_HAL_Driver/Src/stm32g4xx_hal.o
                0x0000000020000008                uwTickFreq
                0x000000002000000c                . = ALIGN (0x4)
                0x000000002000000c                _edata = .

.igot.plt       0x000000002000000c        0x0 load address 0x0000000008001274
 .igot.plt      0x000000002000000c        0x0 c:/st/stm32cubeide_1.5.1/stm32cubeide/plugins/com.st.stm32cube.ide.mcu.externaltools.gnu-tools-for-stm32.7-2018-q2-update.win32_1.5.0.202011040924/tools/bin/../lib/gcc/arm-none-eabi/7.3.1/thumb/v7e-m/fpv4-sp/hard/crtbegin.o
                0x000000002000000c                . = ALIGN (0x4)

.bss            0x000000002000000c       0x20 load address 0x0000000008001274
                0x000000002000000c                _sbss = .
                0x000000002000000c                __bss_start__ = _sbss
 *(.bss)
 .bss           0x000000002000000c       0x1c c:/st/stm32cubeide_1.5.1/stm32cubeide/plugins/com.st.stm32cube.ide.mcu.externaltools.gnu-tools-for-stm32.7-2018-q2-update.win32_1.5.0.202011040924/tools/bin/../lib/gcc/arm-none-eabi/7.3.1/thumb/v7e-m/fpv4-sp/hard/crtbegin.o
 *(.bss*)
 *(COMMON)
 COMMON         0x0000000020000028        0x4 Drivers/STM32G4xx_HAL_Driver/Src/stm32g4xx_hal.o
                0x0000000020000028                uwTick
                0x000000002000002c                . = ALIGN (0x4)
                0x000000002000002c                _ebss = .
                0x000000002000002c                __bss_end__ = _ebss

._user_heap_stack
                0x000000002000002c      0x604 load address 0x0000000008001274
                0x0000000020000030                . = ALIGN (0x8)
 *fill*         0x000000002000002c        0x4 
                [!provide]                        PROVIDE (end = .)
                0x0000000020000030                PROVIDE (_end = .)
                0x0000000020000230                . = (. + _Min_Heap_Size)
 *fill*         0x0000000020000030      0x200 
                0x0000000020000630                . = (. + _Min_Stack_Size)
 *fill*         0x0000000020000230      0x400 
                0x0000000020000630                . = ALIGN (0x8)

/DISCARD/
 libc.a(*)
 libm.a(*)
 libgcc.a(*)

.ARM.attributes
                0x0000000000000000       0x30
 *(.ARM.attributes)
 .ARM.attributes
                0x0000000000000000       0x22 c:/st/stm32cubeide_1.5.1/stm32cubeide/plugins/com.st.stm32cube.ide.mcu.externaltools.gnu-tools-for-stm32.7-2018-q2-update.win32_1.5.0.202011040924/tools/bin/../lib/gcc/arm-none-eabi/7.3.1/thumb/v7e-m/fpv4-sp/hard/crti.o
 .ARM.attributes
                0x0000000000000022       0x34 c:/st/stm32cubeide_1.5.1/stm32cubeide/plugins/com.st.stm32cube.ide.mcu.externaltools.gnu-tools-for-stm32.7-2018-q2-update.win32_1.5.0.202011040924/tools/bin/../lib/gcc/arm-none-eabi/7.3.1/thumb/v7e-m/fpv4-sp/hard/crtbegin.o
 .ARM.attributes
                0x0000000000000056       0x39 Core/Src/main.o
 .ARM.attributes
                0x000000000000008f       0x39 Core/Src/stm32g4xx_hal_msp.o
 .ARM.attributes
                0x00000000000000c8       0x39 Core/Src/stm32g4xx_it.o
 .ARM.attributes
                0x0000000000000101       0x39 Core/Src/system_stm32g4xx.o
 .ARM.attributes
                0x000000000000013a       0x21 Core/Startup/startup_stm32g474rbtx.o
 .ARM.attributes
                0x000000000000015b       0x39 Drivers/STM32G4xx_HAL_Driver/Src/stm32g4xx_hal.o
 .ARM.attributes
                0x0000000000000194       0x39 Drivers/STM32G4xx_HAL_Driver/Src/stm32g4xx_hal_cortex.o
 .ARM.attributes
                0x00000000000001cd       0x39 Drivers/STM32G4xx_HAL_Driver/Src/stm32g4xx_hal_pwr_ex.o
 .ARM.attributes
                0x0000000000000206       0x39 Drivers/STM32G4xx_HAL_Driver/Src/stm32g4xx_hal_rcc.o
 .ARM.attributes
                0x000000000000023f       0x34 c:/st/stm32cubeide_1.5.1/stm32cubeide/plugins/com.st.stm32cube.ide.mcu.externaltools.gnu-tools-for-stm32.7-2018-q2-update.win32_1.5.0.202011040924/tools/bin/../lib/gcc/arm-none-eabi/7.3.1/../../../../arm-none-eabi/lib/thumb/v7e-m/fpv4-sp/hard\libc_nano.a(lib_a-init.o)
 .ARM.attributes
                0x0000000000000273       0x34 c:/st/stm32cubeide_1.5.1/stm32cubeide/plugins/com.st.stm32cube.ide.mcu.externaltools.gnu-tools-for-stm32.7-2018-q2-update.win32_1.5.0.202011040924/tools/bin/../lib/gcc/arm-none-eabi/7.3.1/../../../../arm-none-eabi/lib/thumb/v7e-m/fpv4-sp/hard\libc_nano.a(lib_a-memset.o)
 .ARM.attributes
                0x00000000000002a7       0x22 c:/st/stm32cubeide_1.5.1/stm32cubeide/plugins/com.st.stm32cube.ide.mcu.externaltools.gnu-tools-for-stm32.7-2018-q2-update.win32_1.5.0.202011040924/tools/bin/../lib/gcc/arm-none-eabi/7.3.1/thumb/v7e-m/fpv4-sp/hard/crtn.o
OUTPUT(modFOC.elf elf32-littlearm)

.debug_info     0x0000000000000000     0x45fe
 .debug_info    0x0000000000000000      0x405 Core/Src/main.o
 .debug_info    0x0000000000000405      0x4bd Core/Src/stm32g4xx_hal_msp.o
 .debug_info    0x00000000000008c2      0x2f3 Core/Src/stm32g4xx_it.o
 .debug_info    0x0000000000000bb5      0x6af Core/Src/system_stm32g4xx.o
 .debug_info    0x0000000000001264       0x22 Core/Startup/startup_stm32g474rbtx.o
 .debug_info    0x0000000000001286      0xc64 Drivers/STM32G4xx_HAL_Driver/Src/stm32g4xx_hal.o
 .debug_info    0x0000000000001eea      0xf75 Drivers/STM32G4xx_HAL_Driver/Src/stm32g4xx_hal_cortex.o
 .debug_info    0x0000000000002e5f      0xa9c Drivers/STM32G4xx_HAL_Driver/Src/stm32g4xx_hal_pwr_ex.o
 .debug_info    0x00000000000038fb      0xd03 Drivers/STM32G4xx_HAL_Driver/Src/stm32g4xx_hal_rcc.o

.debug_abbrev   0x0000000000000000      0xdaa
 .debug_abbrev  0x0000000000000000      0x11c Core/Src/main.o
 .debug_abbrev  0x000000000000011c      0x125 Core/Src/stm32g4xx_hal_msp.o
 .debug_abbrev  0x0000000000000241       0xe2 Core/Src/stm32g4xx_it.o
 .debug_abbrev  0x0000000000000323      0x147 Core/Src/system_stm32g4xx.o
 .debug_abbrev  0x000000000000046a       0x12 Core/Startup/startup_stm32g474rbtx.o
 .debug_abbrev  0x000000000000047c      0x1fb Drivers/STM32G4xx_HAL_Driver/Src/stm32g4xx_hal.o
 .debug_abbrev  0x0000000000000677      0x2f1 Drivers/STM32G4xx_HAL_Driver/Src/stm32g4xx_hal_cortex.o
 .debug_abbrev  0x0000000000000968      0x1fd Drivers/STM32G4xx_HAL_Driver/Src/stm32g4xx_hal_pwr_ex.o
 .debug_abbrev  0x0000000000000b65      0x245 Drivers/STM32G4xx_HAL_Driver/Src/stm32g4xx_hal_rcc.o

.debug_aranges  0x0000000000000000      0x520
 .debug_aranges
                0x0000000000000000       0x30 Core/Src/main.o
 .debug_aranges
                0x0000000000000030       0x20 Core/Src/stm32g4xx_hal_msp.o
 .debug_aranges
                0x0000000000000050       0x60 Core/Src/stm32g4xx_it.o
 .debug_aranges
                0x00000000000000b0       0x28 Core/Src/system_stm32g4xx.o
 .debug_aranges
                0x00000000000000d8       0x28 Core/Startup/startup_stm32g474rbtx.o
 .debug_aranges
                0x0000000000000100      0x130 Drivers/STM32G4xx_HAL_Driver/Src/stm32g4xx_hal.o
 .debug_aranges
                0x0000000000000230      0x118 Drivers/STM32G4xx_HAL_Driver/Src/stm32g4xx_hal_cortex.o
 .debug_aranges
                0x0000000000000348      0x140 Drivers/STM32G4xx_HAL_Driver/Src/stm32g4xx_hal_pwr_ex.o
 .debug_aranges
                0x0000000000000488       0x98 Drivers/STM32G4xx_HAL_Driver/Src/stm32g4xx_hal_rcc.o

.debug_ranges   0x0000000000000000      0x498
 .debug_ranges  0x0000000000000000       0x20 Core/Src/main.o
 .debug_ranges  0x0000000000000020       0x10 Core/Src/stm32g4xx_hal_msp.o
 .debug_ranges  0x0000000000000030       0x50 Core/Src/stm32g4xx_it.o
 .debug_ranges  0x0000000000000080       0x18 Core/Src/system_stm32g4xx.o
 .debug_ranges  0x0000000000000098       0x20 Core/Startup/startup_stm32g474rbtx.o
 .debug_ranges  0x00000000000000b8      0x120 Drivers/STM32G4xx_HAL_Driver/Src/stm32g4xx_hal.o
 .debug_ranges  0x00000000000001d8      0x108 Drivers/STM32G4xx_HAL_Driver/Src/stm32g4xx_hal_cortex.o
 .debug_ranges  0x00000000000002e0      0x130 Drivers/STM32G4xx_HAL_Driver/Src/stm32g4xx_hal_pwr_ex.o
 .debug_ranges  0x0000000000000410       0x88 Drivers/STM32G4xx_HAL_Driver/Src/stm32g4xx_hal_rcc.o

.debug_macro    0x0000000000000000    0x227cd
 .debug_macro   0x0000000000000000      0x1b0 Core/Src/main.o
 .debug_macro   0x00000000000001b0      0xa5a Core/Src/main.o
 .debug_macro   0x0000000000000c0a      0x14f Core/Src/main.o
 .debug_macro   0x0000000000000d59       0x2e Core/Src/main.o
 .debug_macro   0x0000000000000d87       0x28 Core/Src/main.o
 .debug_macro   0x0000000000000daf       0x22 Core/Src/main.o
 .debug_macro   0x0000000000000dd1       0x8e Core/Src/main.o
 .debug_macro   0x0000000000000e5f       0x51 Core/Src/main.o
 .debug_macro   0x0000000000000eb0       0xef Core/Src/main.o
 .debug_macro   0x0000000000000f9f       0x6a Core/Src/main.o
 .debug_macro   0x0000000000001009      0x1df Core/Src/main.o
 .debug_macro   0x00000000000011e8       0x1c Core/Src/main.o
 .debug_macro   0x0000000000001204       0x22 Core/Src/main.o
 .debug_macro   0x0000000000001226      0x101 Core/Src/main.o
 .debug_macro   0x0000000000001327     0x1011 Core/Src/main.o
 .debug_macro   0x0000000000002338      0x11f Core/Src/main.o
 .debug_macro   0x0000000000002457    0x18597 Core/Src/main.o
 .debug_macro   0x000000000001a9ee       0x43 Core/Src/main.o
 .debug_macro   0x000000000001aa31     0x34ed Core/Src/main.o
 .debug_macro   0x000000000001df1e      0x174 Core/Src/main.o
 .debug_macro   0x000000000001e092       0x5a Core/Src/main.o
 .debug_macro   0x000000000001e0ec     0x16e0 Core/Src/main.o
 .debug_macro   0x000000000001f7cc      0x600 Core/Src/main.o
 .debug_macro   0x000000000001fdcc      0x137 Core/Src/main.o
 .debug_macro   0x000000000001ff03      0x34b Core/Src/main.o
 .debug_macro   0x000000000002024e      0x53c Core/Src/main.o
 .debug_macro   0x000000000002078a      0x18b Core/Src/main.o
 .debug_macro   0x0000000000020915       0x43 Core/Src/main.o
 .debug_macro   0x0000000000020958      0x23d Core/Src/main.o
 .debug_macro   0x0000000000020b95      0x212 Core/Src/main.o
 .debug_macro   0x0000000000020da7      0x45c Core/Src/main.o
 .debug_macro   0x0000000000021203      0x11c Core/Src/main.o
 .debug_macro   0x000000000002131f      0x122 Core/Src/main.o
 .debug_macro   0x0000000000021441      0x3d1 Core/Src/main.o
 .debug_macro   0x0000000000021812      0x359 Core/Src/main.o
 .debug_macro   0x0000000000021b6b      0x1b0 Core/Src/stm32g4xx_hal_msp.o
 .debug_macro   0x0000000000021d1b      0x1ba Core/Src/stm32g4xx_it.o
 .debug_macro   0x0000000000021ed5      0x1ac Core/Src/system_stm32g4xx.o
 .debug_macro   0x0000000000022081      0x1f4 Drivers/STM32G4xx_HAL_Driver/Src/stm32g4xx_hal.o
 .debug_macro   0x0000000000022275      0x1a6 Drivers/STM32G4xx_HAL_Driver/Src/stm32g4xx_hal_cortex.o
 .debug_macro   0x000000000002241b      0x1d0 Drivers/STM32G4xx_HAL_Driver/Src/stm32g4xx_hal_pwr_ex.o
 .debug_macro   0x00000000000225eb      0x1e2 Drivers/STM32G4xx_HAL_Driver/Src/stm32g4xx_hal_rcc.o

.debug_line     0x0000000000000000     0x4164
 .debug_line    0x0000000000000000      0x6a2 Core/Src/main.o
 .debug_line    0x00000000000006a2      0x679 Core/Src/stm32g4xx_hal_msp.o
 .debug_line    0x0000000000000d1b      0x71c Core/Src/stm32g4xx_it.o
 .debug_line    0x0000000000001437      0x692 Core/Src/system_stm32g4xx.o
 .debug_line    0x0000000000001ac9       0x89 Core/Startup/startup_stm32g474rbtx.o
 .debug_line    0x0000000000001b52      0x918 Drivers/STM32G4xx_HAL_Driver/Src/stm32g4xx_hal.o
 .debug_line    0x000000000000246a      0x9a0 Drivers/STM32G4xx_HAL_Driver/Src/stm32g4xx_hal_cortex.o
 .debug_line    0x0000000000002e0a      0xa03 Drivers/STM32G4xx_HAL_Driver/Src/stm32g4xx_hal_pwr_ex.o
 .debug_line    0x000000000000380d      0x957 Drivers/STM32G4xx_HAL_Driver/Src/stm32g4xx_hal_rcc.o

.debug_str      0x0000000000000000    0xdb91f
 .debug_str     0x0000000000000000    0xd9d25 Core/Src/main.o
                                      0xd9fe0 (size before relaxing)
 .debug_str     0x00000000000d9d25      0x180 Core/Src/stm32g4xx_hal_msp.o
                                      0xd9fe8 (size before relaxing)
 .debug_str     0x00000000000d9ea5       0xbd Core/Src/stm32g4xx_it.o
                                      0xd9f20 (size before relaxing)
 .debug_str     0x00000000000d9f62       0xc6 Core/Src/system_stm32g4xx.o
                                      0xda071 (size before relaxing)
 .debug_str     0x00000000000da028       0x36 Core/Startup/startup_stm32g474rbtx.o
                                         0x6d (size before relaxing)
 .debug_str     0x00000000000da05e      0xbca Drivers/STM32G4xx_HAL_Driver/Src/stm32g4xx_hal.o
                                      0xdad02 (size before relaxing)
 .debug_str     0x00000000000dac28      0x39a Drivers/STM32G4xx_HAL_Driver/Src/stm32g4xx_hal_cortex.o
                                      0xdaa0a (size before relaxing)
 .debug_str     0x00000000000dafc2      0x519 Drivers/STM32G4xx_HAL_Driver/Src/stm32g4xx_hal_pwr_ex.o
                                      0xda550 (size before relaxing)
 .debug_str     0x00000000000db4db      0x444 Drivers/STM32G4xx_HAL_Driver/Src/stm32g4xx_hal_rcc.o
                                      0xda610 (size before relaxing)

.comment        0x0000000000000000       0x7b
 .comment       0x0000000000000000       0x7b Core/Src/main.o
                                         0x7c (size before relaxing)
 .comment       0x000000000000007b       0x7c Core/Src/stm32g4xx_hal_msp.o
 .comment       0x000000000000007b       0x7c Core/Src/stm32g4xx_it.o
 .comment       0x000000000000007b       0x7c Core/Src/system_stm32g4xx.o
 .comment       0x000000000000007b       0x7c Drivers/STM32G4xx_HAL_Driver/Src/stm32g4xx_hal.o
 .comment       0x000000000000007b       0x7c Drivers/STM32G4xx_HAL_Driver/Src/stm32g4xx_hal_cortex.o
 .comment       0x000000000000007b       0x7c Drivers/STM32G4xx_HAL_Driver/Src/stm32g4xx_hal_pwr_ex.o
 .comment       0x000000000000007b       0x7c Drivers/STM32G4xx_HAL_Driver/Src/stm32g4xx_hal_rcc.o

.debug_frame    0x0000000000000000     0x12c4
 .debug_frame   0x0000000000000000       0x70 Core/Src/main.o
 .debug_frame   0x0000000000000070       0x34 Core/Src/stm32g4xx_hal_msp.o
 .debug_frame   0x00000000000000a4      0x10c Core/Src/stm32g4xx_it.o
 .debug_frame   0x00000000000001b0       0x58 Core/Src/system_stm32g4xx.o
 .debug_frame   0x0000000000000208      0x4a0 Drivers/STM32G4xx_HAL_Driver/Src/stm32g4xx_hal.o
 .debug_frame   0x00000000000006a8      0x498 Drivers/STM32G4xx_HAL_Driver/Src/stm32g4xx_hal_cortex.o
 .debug_frame   0x0000000000000b40      0x4fc Drivers/STM32G4xx_HAL_Driver/Src/stm32g4xx_hal_pwr_ex.o
 .debug_frame   0x000000000000103c      0x23c Drivers/STM32G4xx_HAL_Driver/Src/stm32g4xx_hal_rcc.o
 .debug_frame   0x0000000000001278       0x2c c:/st/stm32cubeide_1.5.1/stm32cubeide/plugins/com.st.stm32cube.ide.mcu.externaltools.gnu-tools-for-stm32.7-2018-q2-update.win32_1.5.0.202011040924/tools/bin/../lib/gcc/arm-none-eabi/7.3.1/../../../../arm-none-eabi/lib/thumb/v7e-m/fpv4-sp/hard\libc_nano.a(lib_a-init.o)
 .debug_frame   0x00000000000012a4       0x20 c:/st/stm32cubeide_1.5.1/stm32cubeide/plugins/com.st.stm32cube.ide.mcu.externaltools.gnu-tools-for-stm32.7-2018-q2-update.win32_1.5.0.202011040924/tools/bin/../lib/gcc/arm-none-eabi/7.3.1/../../../../arm-none-eabi/lib/thumb/v7e-m/fpv4-sp/hard\libc_nano.a(lib_a-memset.o)
